// Jest Snapshot v1, https://goo.gl/fbAQLP

exports[`ItemView.vue renders correctly 1`] = `undefined`;
