// Jest Snapshot v1, https://goo.gl/fbAQLP

exports[`renders time correctly on server  1`] = `"<!---->"`;
