// Jest Snapshot v1, https://goo.gl/fbAQLP

exports[`Item.vue renders correctly 1`] = `
"<li class=\\"news-item\\"><span class=\\"score\\">10</span> <span class=\\"title\\"><a href=\\"https://vue-test-utils.vuejs.org/\\" target=\\"_blank\\" rel=\\"noopener\\">vue-test-utils is released</a> <span class=\\"host\\"> (vue-test-utils.vuejs.org)</span></span> <br> <span class=\\"meta\\"><span class=\\"by\\">
      by <router-link to=\\"/user/eddyerburgh\\">eddyerburgh</router-link></span> <span class=\\"comments-link\\">
      | <router-link to=\\"/item/11122233\\"> comments</router-link></span> <span class=\\"time\\">
    10 minutes ago
  </span></span> <!----></li>"
`;

exports[`Item.vue renders correctly when item has no url and has type top 1`] = `
"<li class=\\"news-item\\"><span class=\\"score\\">10</span> <span class=\\"title\\"><router-link to=\\"/item/11122233\\">vue-test-utils is released</router-link></span> <br> <span class=\\"meta\\"><span class=\\"by\\">
      by <router-link to=\\"/user/eddyerburgh\\">eddyerburgh</router-link></span> <span class=\\"comments-link\\">
      | <router-link to=\\"/item/11122233\\"> comments</router-link></span> <span class=\\"time\\">
    10 minutes ago
  </span></span> <span class=\\"label\\">top</span></li>"
`;
